
SYMBOLS BY NAME

    49e0 CODE       _ClrLED0            
    49f4 CODE       _ClrLED1            
    4a08 CODE       _ClrLED2            
    4070 ISR        _ISRADC             
    4060 ISR        _ISRCMPA            
    406c ISR        _ISRNMI             
    4054 ISR        _ISRPort1           
    4050 ISR        _ISRPort2           
    4034 ISR        _ISRRx0             
    4036 ISR        _ISRRx1             
    4058 ISR        _ISRTimerA1         
    4068 ISR        _ISRTimerB0         
    4064 ISR        _ISRTimerB1         
    401c ISR        _ISRTx0             
    401e ISR        _ISRTx1             
    405c ISR        _ISRWDT             
    480c CODE       _Init               
    64a8 CODE       _OSClrWDTHook       
    60e2 CODE       _OSCreateTask       
    64de CODE       _OSCtxSw            
    617e CODE       _OSDelPrioQ         
    6032 CODE       _OSDelay            
    6498 CODE       _OSDisableHook      
    64ba CODE       _OSDispatch         
    64a2 CODE       _OSEnableHook       
    645c CODE       _OSGetTicks         
    6496 CODE       _OSIdlingHook       
    60c0 CODE       _OSInit             
    615a CODE       _OSInitPrioTask     
    6212 CODE       _OSInsDelayQ        
    61c2 CODE       _OSInsPrioQ         
    6274 CODE       _OSSched            
    647a CODE       _OSTimer            
    12f2 UDATA0     _OScTcbP            
    12ec UDATA0     _OSdelayQP          
    12f4 UDATA0     _OSeligQP           
    12e4 UDATA0     _OSframeP           
    12e6 UDATA0     _OSlostTicks        
    12f0 UDATA0     _OSsigQinP          
    12ee UDATA0     _OSsigQoutP         
    12f6 UDATA0     _OStcbArea          
    12e8 UDATA0     _OStimerTicks       
    459a CODE       _Rtn5VUSB           
    4570 CODE       _RtnBattVoltage     
    4606 CODE       _RtnCHRG            
    454e CODE       _RtnOnChipTemp      
    4628 CODE       _RtnPROG            
    4cda CODE       _RtnStatus          
    45c2 CODE       _RtnVCC             
    464a CODE       _RtnVCCCurrent      
    45e4 CODE       _RtnVCCMCU          
    49ea CODE       _SetLED0            
    49fe CODE       _SetLED1            
    4a12 CODE       _SetLED2            
    46a4 CODE       _TaskADC            
    47d4 CODE       _TaskBatt           
    4b40 CODE       _TaskDoCmds         
    487a CODE       _TaskIO             
    4000 ISR        _Timer_A            
    4471 CONST      ___RAL_hex_lc       
    4461 CONST      ___RAL_hex_uc       
    678c CODE       ___RAL_pow10        
    6864 CODE       ___RAL_pre_padding  
    683e CODE       ___RAL_print_padding
    1100            ___RAM_Address      
    2800            ___RAM_Size         
    1100            ___begin_IDATA0     
       0            ___begin_THREAD     
    1102            ___begin_UDATA0     
     134            ___crt_mac          
     130            ___crt_mpy          
     138            ___crt_op2          
     13c            ___crt_reshi        
     13a            ___crt_reslo        
     13e            ___crt_sumext       
    724c CODE       ___debug_io_lock    
    724e CODE       ___debug_io_unlock  
    7204 CODE       ___do_debug_operation
    1102            ___end_IDATA0       
       0            ___end_THREAD       
    1606            ___end_UDATA0       
    6b6c CODE       ___float32_add      
    6d66 CODE       ___float32_div      
    6e4c CODE       ___float32_eq       
    692c CODE       ___float32_isinf    
    6946 CODE       ___float32_isnan    
    6e30 CODE       ___float32_lt       
    6c72 CODE       ___float32_mul      
    449a CONST      ___float32_nan      
    695e CODE       ___float32_signbit  
    6c66 CODE       ___float32_sub      
    6aa2 CODE       ___float32_to_int64 
    6510 CODE       ___int16_div        
    6536 CODE       ___int16_mod        
    655c CODE       ___int16_mul        
    6570 CODE       ___int32_div        
    6750 CODE       ___int32_mod        
    65aa CODE       ___int64_lsl        
    65bc CODE       ___int64_lsr        
    67f2 CODE       ___putc             
    6658 CODE       ___uint16_div       
    6e5c CODE       ___uint16_to_float32
    6670 CODE       ___uint32_div       
    667e CODE       ___uint32_divmod    
    66a6 CODE       ___uint32_mod       
    6738 CODE       ___uint32_mul_16x16 
    66b8 CODE       ___uint64_div       
    66fc CODE       ___uint64_divmod    
    661c CODE       ___uint64_mod       
    696e CODE       ___uint64_to_float32
    1600 UDATA0     ___user_format_extender
    4ffc CODE       ___vfprintf         
    4ffc CODE       ___vfprintf_float_long
    6896 CODE       _abs                
    1202 UDATA0     _after_filter_float 
    4e22 CODE       _checkChargeTime    
    4dea CODE       _check_acpr         
    4dc6 CODE       _check_fault        
    1604 UDATA0     _dbgCntrlWord       
    1602 UDATA0     _dbgCommWord        
    723a CODE       _debug_exit         
    719e CODE       _fabsf              
    6f30 CODE       _floor              
    6f30 CODE       _floorf             
    7018 CODE       _fmod               
    7018 CODE       _fmodf              
    71e0 CODE       _frexp              
    71a4 CODE       _ldexp              
    449e CODE       _main               
    68fc CODE       _memcpy             
    690c CODE       _memset             
    6e86 CODE       _modff              
    14f8 UDATA0     _rx1Buff            
    15fc UDATA0     _rx1Count           
    15fa UDATA0     _rx1InP             
    15f8 UDATA0     _rx1OutP            
    4a1c CODE       _setChargerOn       
    4a26 CODE       _setProgOn          
    4a34 CODE       _setVCCCurrentChipOn
    68a6 CODE       _sprintf            
    12de UDATA0     _status             
    1102 UDATA0     _strTmp             
    691c CODE       _strlen             
    68e2 CODE       _strnlen            
    4a42 CODE       _timestamp_print    
    1362 UDATA0     _tx1Buff            
    14f6 UDATA0     _tx1Count           
    14f4 UDATA0     _tx1InP             
    14f2 UDATA0     _tx1OutP            
    4f22 CODE       _usart_uart1_getchar
    4fd6 CODE       _usart_uart1_inchar 
    4e8a CODE       _usart_uart1_open   
    4faa CODE       _usart_uart1_outchar
    4f56 CODE       _usart_uart1_putchar
    4f88 CODE       _usart_uart1_puts   
    4f18 CODE       _usart_uart1_tx_free


SYMBOLS BY VALUE

       0            ___begin_THREAD     
       0            ___end_THREAD       
     130            ___crt_mpy          
     134            ___crt_mac          
     138            ___crt_op2          
     13a            ___crt_reslo        
     13c            ___crt_reshi        
     13e            ___crt_sumext       
    1100            ___RAM_Address      
    1100            ___begin_IDATA0     
    1102            ___begin_UDATA0     
    1102 UDATA0     _strTmp             
    1102            ___end_IDATA0       
    1202 UDATA0     _after_filter_float 
    12de UDATA0     _status             
    12e4 UDATA0     _OSframeP           
    12e6 UDATA0     _OSlostTicks        
    12e8 UDATA0     _OStimerTicks       
    12ec UDATA0     _OSdelayQP          
    12ee UDATA0     _OSsigQoutP         
    12f0 UDATA0     _OSsigQinP          
    12f2 UDATA0     _OScTcbP            
    12f4 UDATA0     _OSeligQP           
    12f6 UDATA0     _OStcbArea          
    1362 UDATA0     _tx1Buff            
    14f2 UDATA0     _tx1OutP            
    14f4 UDATA0     _tx1InP             
    14f6 UDATA0     _tx1Count           
    14f8 UDATA0     _rx1Buff            
    15f8 UDATA0     _rx1OutP            
    15fa UDATA0     _rx1InP             
    15fc UDATA0     _rx1Count           
    1600 UDATA0     ___user_format_extender
    1602 UDATA0     _dbgCommWord        
    1604 UDATA0     _dbgCntrlWord       
    1606            ___end_UDATA0       
    2800            ___RAM_Size         
    4000 ISR        _Timer_A            
    401c ISR        _ISRTx0             
    401e ISR        _ISRTx1             
    4034 ISR        _ISRRx0             
    4036 ISR        _ISRRx1             
    4050 ISR        _ISRPort2           
    4054 ISR        _ISRPort1           
    4058 ISR        _ISRTimerA1         
    405c ISR        _ISRWDT             
    4060 ISR        _ISRCMPA            
    4064 ISR        _ISRTimerB1         
    4068 ISR        _ISRTimerB0         
    406c ISR        _ISRNMI             
    4070 ISR        _ISRADC             
    4461 CONST      ___RAL_hex_uc       
    4471 CONST      ___RAL_hex_lc       
    449a CONST      ___float32_nan      
    449e CODE       _main               
    454e CODE       _RtnOnChipTemp      
    4570 CODE       _RtnBattVoltage     
    459a CODE       _Rtn5VUSB           
    45c2 CODE       _RtnVCC             
    45e4 CODE       _RtnVCCMCU          
    4606 CODE       _RtnCHRG            
    4628 CODE       _RtnPROG            
    464a CODE       _RtnVCCCurrent      
    46a4 CODE       _TaskADC            
    47d4 CODE       _TaskBatt           
    480c CODE       _Init               
    487a CODE       _TaskIO             
    49e0 CODE       _ClrLED0            
    49ea CODE       _SetLED0            
    49f4 CODE       _ClrLED1            
    49fe CODE       _SetLED1            
    4a08 CODE       _ClrLED2            
    4a12 CODE       _SetLED2            
    4a1c CODE       _setChargerOn       
    4a26 CODE       _setProgOn          
    4a34 CODE       _setVCCCurrentChipOn
    4a42 CODE       _timestamp_print    
    4b40 CODE       _TaskDoCmds         
    4cda CODE       _RtnStatus          
    4dc6 CODE       _check_fault        
    4dea CODE       _check_acpr         
    4e22 CODE       _checkChargeTime    
    4e8a CODE       _usart_uart1_open   
    4f18 CODE       _usart_uart1_tx_free
    4f22 CODE       _usart_uart1_getchar
    4f56 CODE       _usart_uart1_putchar
    4f88 CODE       _usart_uart1_puts   
    4faa CODE       _usart_uart1_outchar
    4fd6 CODE       _usart_uart1_inchar 
    4ffc CODE       ___vfprintf         
    4ffc CODE       ___vfprintf_float_long
    6032 CODE       _OSDelay            
    60c0 CODE       _OSInit             
    60e2 CODE       _OSCreateTask       
    615a CODE       _OSInitPrioTask     
    617e CODE       _OSDelPrioQ         
    61c2 CODE       _OSInsPrioQ         
    6212 CODE       _OSInsDelayQ        
    6274 CODE       _OSSched            
    645c CODE       _OSGetTicks         
    647a CODE       _OSTimer            
    6496 CODE       _OSIdlingHook       
    6498 CODE       _OSDisableHook      
    64a2 CODE       _OSEnableHook       
    64a8 CODE       _OSClrWDTHook       
    64ba CODE       _OSDispatch         
    64de CODE       _OSCtxSw            
    6510 CODE       ___int16_div        
    6536 CODE       ___int16_mod        
    655c CODE       ___int16_mul        
    6570 CODE       ___int32_div        
    65aa CODE       ___int64_lsl        
    65bc CODE       ___int64_lsr        
    661c CODE       ___uint64_mod       
    6658 CODE       ___uint16_div       
    6670 CODE       ___uint32_div       
    667e CODE       ___uint32_divmod    
    66a6 CODE       ___uint32_mod       
    66b8 CODE       ___uint64_div       
    66fc CODE       ___uint64_divmod    
    6738 CODE       ___uint32_mul_16x16 
    6750 CODE       ___int32_mod        
    678c CODE       ___RAL_pow10        
    67f2 CODE       ___putc             
    683e CODE       ___RAL_print_padding
    6864 CODE       ___RAL_pre_padding  
    6896 CODE       _abs                
    68a6 CODE       _sprintf            
    68e2 CODE       _strnlen            
    68fc CODE       _memcpy             
    690c CODE       _memset             
    691c CODE       _strlen             
    692c CODE       ___float32_isinf    
    6946 CODE       ___float32_isnan    
    695e CODE       ___float32_signbit  
    696e CODE       ___uint64_to_float32
    6aa2 CODE       ___float32_to_int64 
    6b6c CODE       ___float32_add      
    6c66 CODE       ___float32_sub      
    6c72 CODE       ___float32_mul      
    6d66 CODE       ___float32_div      
    6e30 CODE       ___float32_lt       
    6e4c CODE       ___float32_eq       
    6e5c CODE       ___uint16_to_float32
    6e86 CODE       _modff              
    6f30 CODE       _floorf             
    6f30 CODE       _floor              
    7018 CODE       _fmodf              
    7018 CODE       _fmod               
    719e CODE       _fabsf              
    71a4 CODE       _ldexp              
    71e0 CODE       _frexp              
    7204 CODE       ___do_debug_operation
    723a CODE       _debug_exit         
    724c CODE       ___debug_io_lock    
    724e CODE       ___debug_io_unlock  
