
SYMBOLS BY NAME

    4604 CODE       _ClrLED0            
    4070 ISR        _ISRADC             
    4060 ISR        _ISRCMPA            
    406c ISR        _ISRNMI             
    4054 ISR        _ISRPort1           
    4050 ISR        _ISRPort2           
    4034 ISR        _ISRRx0             
    4036 ISR        _ISRRx1             
    4058 ISR        _ISRTimerA1         
    4068 ISR        _ISRTimerB0         
    4064 ISR        _ISRTimerB1         
    401c ISR        _ISRTx0             
    401e ISR        _ISRTx1             
    405c ISR        _ISRWDT             
    4556 CODE       _Init               
    4c2a CODE       _OSClrWDTHook       
    4864 CODE       _OSCreateTask       
    4c60 CODE       _OSCtxSw            
    4900 CODE       _OSDelPrioQ         
    47b4 CODE       _OSDelay            
    4c1a CODE       _OSDisableHook      
    4c3c CODE       _OSDispatch         
    4c24 CODE       _OSEnableHook       
    4bde CODE       _OSGetTicks         
    4c18 CODE       _OSIdlingHook       
    4842 CODE       _OSInit             
    48dc CODE       _OSInitPrioTask     
    4994 CODE       _OSInsDelayQ        
    4944 CODE       _OSInsPrioQ         
    49f6 CODE       _OSSched            
    4bfc CODE       _OSTimer            
    12e8 UDATA0     _OScTcbP            
    12e2 UDATA0     _OSdelayQP          
    12ea UDATA0     _OSeligQP           
    12da UDATA0     _OSframeP           
    12dc UDATA0     _OSlostTicks        
    12e6 UDATA0     _OSsigQinP          
    12e4 UDATA0     _OSsigQoutP         
    12ec UDATA0     _OStcbArea          
    12de UDATA0     _OStimerTicks       
    43c4 CODE       _RtnBattVoltage     
    460e CODE       _SetLED0            
    43ee CODE       _TaskADC            
    451e CODE       _TaskBatt           
    45c4 CODE       _TaskIO             
    4000 ISR        _Timer_A            
    1100            ___RAM_Address      
    2800            ___RAM_Size         
    1100 IDATA0     ___begin_IDATA0     
    1102 UDATA0     ___begin_UDATA0     
     134            ___crt_mac          
     130            ___crt_mpy          
     138            ___crt_op2          
     13c            ___crt_reshi        
     13a            ___crt_reslo        
     13e            ___crt_sumext       
    6466 CODE       ___debug_io_lock    
    6468 CODE       ___debug_io_unlock  
    641e CODE       ___do_debug_operation
    1102 IDATA0     ___end_IDATA0       
    15b4 UDATA0     ___end_UDATA0       
    60a4 CODE       ___float32_add      
    629e CODE       ___float32_div      
    6384 CODE       ___float32_eq       
    5eb2 CODE       ___float32_isinf    
    5ecc CODE       ___float32_isnan    
    6368 CODE       ___float32_lt       
    61aa CODE       ___float32_mul      
    619e CODE       ___float32_sub      
    5fda CODE       ___float32_to_int64 
    15ae UDATA0     ___format_extender  
    4259 CONST      ___hex_lc           
    4249 CONST      ___hex_uc           
    4c92 CODE       ___int16_div        
    4cb8 CODE       ___int16_mod        
    4cde CODE       ___int16_mul        
    4cf2 CODE       ___int64_lsl        
    4d04 CODE       ___int64_lsr        
    4e34 CODE       ___pow10            
    4f0c CODE       ___pre_padding      
    4ee6 CODE       ___print_padding    
    4e9a CODE       ___putc             
    4d54 CODE       ___uint16_div       
    6394 CODE       ___uint16_to_float32
    4d6c CODE       ___uint32_div       
    4d7a CODE       ___uint32_divmod    
    4da2 CODE       ___uint32_mod       
    4db4 CODE       ___uint64_div       
    4df8 CODE       ___uint64_divmod    
    4d18 CODE       ___uint64_mod       
    5ee4 CODE       ___uint64_to_float32
    4fba CODE       ___vfprintf         
    4fba CODE       ___vfprintf_float_long
    4f3e CODE       _abs                
    15b2 UDATA0     _dbgCntrlWord       
    15b0 UDATA0     _dbgCommWord        
    6454 CODE       _debug_exit         
    63fa CODE       _frexp              
    63be CODE       _ldexp              
    4334 CODE       _main               
    4f8a CODE       _memcpy             
    4f9a CODE       _memset             
    14a6 UDATA0     _rx1Buff            
    15aa UDATA0     _rx1Count           
    15a8 UDATA0     _rx1InP             
    15a6 UDATA0     _rx1OutP            
    4f4e CODE       _sprintf            
    1102 UDATA0     _strTmp             
    4faa CODE       _strlen             
    1310 UDATA0     _tx1Buff            
    14a4 UDATA0     _tx1Count           
    14a2 UDATA0     _tx1InP             
    14a0 UDATA0     _tx1OutP            
    478e CODE       _usart_uart1_inchar 
    4618 CODE       _usart_uart1_msg_ts 
    4676 CODE       _usart_uart1_open   
    4762 CODE       _usart_uart1_outchar
    470e CODE       _usart_uart1_putchar
    4740 CODE       _usart_uart1_puts   
    4704 CODE       _usart_uart1_tx_free


SYMBOLS BY VALUE

     130            ___crt_mpy          
     134            ___crt_mac          
     138            ___crt_op2          
     13a            ___crt_reslo        
     13c            ___crt_reshi        
     13e            ___crt_sumext       
    1100            ___RAM_Address      
    1100 IDATA0     ___begin_IDATA0     
    1102 UDATA0     ___begin_UDATA0     
    1102 IDATA0     ___end_IDATA0       
    1102 UDATA0     _strTmp             
    12da UDATA0     _OSframeP           
    12dc UDATA0     _OSlostTicks        
    12de UDATA0     _OStimerTicks       
    12e2 UDATA0     _OSdelayQP          
    12e4 UDATA0     _OSsigQoutP         
    12e6 UDATA0     _OSsigQinP          
    12e8 UDATA0     _OScTcbP            
    12ea UDATA0     _OSeligQP           
    12ec UDATA0     _OStcbArea          
    1310 UDATA0     _tx1Buff            
    14a0 UDATA0     _tx1OutP            
    14a2 UDATA0     _tx1InP             
    14a4 UDATA0     _tx1Count           
    14a6 UDATA0     _rx1Buff            
    15a6 UDATA0     _rx1OutP            
    15a8 UDATA0     _rx1InP             
    15aa UDATA0     _rx1Count           
    15ae UDATA0     ___format_extender  
    15b0 UDATA0     _dbgCommWord        
    15b2 UDATA0     _dbgCntrlWord       
    15b4 UDATA0     ___end_UDATA0       
    2800            ___RAM_Size         
    4000 ISR        _Timer_A            
    401c ISR        _ISRTx0             
    401e ISR        _ISRTx1             
    4034 ISR        _ISRRx0             
    4036 ISR        _ISRRx1             
    4050 ISR        _ISRPort2           
    4054 ISR        _ISRPort1           
    4058 ISR        _ISRTimerA1         
    405c ISR        _ISRWDT             
    4060 ISR        _ISRCMPA            
    4064 ISR        _ISRTimerB1         
    4068 ISR        _ISRTimerB0         
    406c ISR        _ISRNMI             
    4070 ISR        _ISRADC             
    4249 CONST      ___hex_uc           
    4259 CONST      ___hex_lc           
    4334 CODE       _main               
    43c4 CODE       _RtnBattVoltage     
    43ee CODE       _TaskADC            
    451e CODE       _TaskBatt           
    4556 CODE       _Init               
    45c4 CODE       _TaskIO             
    4604 CODE       _ClrLED0            
    460e CODE       _SetLED0            
    4618 CODE       _usart_uart1_msg_ts 
    4676 CODE       _usart_uart1_open   
    4704 CODE       _usart_uart1_tx_free
    470e CODE       _usart_uart1_putchar
    4740 CODE       _usart_uart1_puts   
    4762 CODE       _usart_uart1_outchar
    478e CODE       _usart_uart1_inchar 
    47b4 CODE       _OSDelay            
    4842 CODE       _OSInit             
    4864 CODE       _OSCreateTask       
    48dc CODE       _OSInitPrioTask     
    4900 CODE       _OSDelPrioQ         
    4944 CODE       _OSInsPrioQ         
    4994 CODE       _OSInsDelayQ        
    49f6 CODE       _OSSched            
    4bde CODE       _OSGetTicks         
    4bfc CODE       _OSTimer            
    4c18 CODE       _OSIdlingHook       
    4c1a CODE       _OSDisableHook      
    4c24 CODE       _OSEnableHook       
    4c2a CODE       _OSClrWDTHook       
    4c3c CODE       _OSDispatch         
    4c60 CODE       _OSCtxSw            
    4c92 CODE       ___int16_div        
    4cb8 CODE       ___int16_mod        
    4cde CODE       ___int16_mul        
    4cf2 CODE       ___int64_lsl        
    4d04 CODE       ___int64_lsr        
    4d18 CODE       ___uint64_mod       
    4d54 CODE       ___uint16_div       
    4d6c CODE       ___uint32_div       
    4d7a CODE       ___uint32_divmod    
    4da2 CODE       ___uint32_mod       
    4db4 CODE       ___uint64_div       
    4df8 CODE       ___uint64_divmod    
    4e34 CODE       ___pow10            
    4e9a CODE       ___putc             
    4ee6 CODE       ___print_padding    
    4f0c CODE       ___pre_padding      
    4f3e CODE       _abs                
    4f4e CODE       _sprintf            
    4f8a CODE       _memcpy             
    4f9a CODE       _memset             
    4faa CODE       _strlen             
    4fba CODE       ___vfprintf_float_long
    4fba CODE       ___vfprintf         
    5eb2 CODE       ___float32_isinf    
    5ecc CODE       ___float32_isnan    
    5ee4 CODE       ___uint64_to_float32
    5fda CODE       ___float32_to_int64 
    60a4 CODE       ___float32_add      
    619e CODE       ___float32_sub      
    61aa CODE       ___float32_mul      
    629e CODE       ___float32_div      
    6368 CODE       ___float32_lt       
    6384 CODE       ___float32_eq       
    6394 CODE       ___uint16_to_float32
    63be CODE       _ldexp              
    63fa CODE       _frexp              
    641e CODE       ___do_debug_operation
    6454 CODE       _debug_exit         
    6466 CODE       ___debug_io_lock    
    6468 CODE       ___debug_io_unlock  
