
SYMBOLS BY NAME

    1160 ISR        _ISRCMPA            
    116c ISR        _ISRNMI             
    1154 ISR        _ISRPort1           
    1150 ISR        _ISRPort2           
    1134 ISR        _ISRRx0             
    1136 ISR        _ISRRx1             
    1158 ISR        _ISRTimerA1         
    1168 ISR        _ISRTimerB0         
    1164 ISR        _ISRTimerB1         
    111c ISR        _ISRTx0             
    111e ISR        _ISRTx1             
    115c ISR        _ISRWDT             
    197e CODE       _OSClrWDTHook       
    15b8 CODE       _OSCreateTask       
    19b4 CODE       _OSCtxSw            
    1654 CODE       _OSDelPrioQ         
    1508 CODE       _OSDelay            
    196e CODE       _OSDisableHook      
    1990 CODE       _OSDispatch         
    1978 CODE       _OSEnableHook       
    1932 CODE       _OSGetTicks         
    196c CODE       _OSIdlingHook       
    1596 CODE       _OSInit             
    1630 CODE       _OSInitPrioTask     
    16e8 CODE       _OSInsDelayQ        
    1698 CODE       _OSInsPrioQ         
    174a CODE       _OSSched            
    1950 CODE       _OSTimer            
     210 UDATA0     _OScTcbP            
     20a UDATA0     _OSdelayQP          
     212 UDATA0     _OSeligQP           
     202 UDATA0     _OSframeP           
     204 UDATA0     _OSlostTicks        
     20e UDATA0     _OSsigQinP          
     20c UDATA0     _OSsigQoutP         
     214 UDATA0     _OStcbArea          
     206 UDATA0     _OStimerTicks       
    1100 ISR        _Timer_A            
     200            ___RAM_Address      
     800            ___RAM_Size         
     200 IDATA0     ___begin_IDATA0     
     202 UDATA0     ___begin_UDATA0     
     130            ___crt_mpy          
     138            ___crt_op2          
     13a            ___crt_reslo        
    23b4 CODE       ___debug_io_lock    
    23b6 CODE       ___debug_io_unlock  
    1b22 CODE       ___do_debug_operation
     202 IDATA0     ___end_IDATA0       
     4ce UDATA0     ___end_UDATA0       
     4cc UDATA0     ___format_extender  
    1269 CONST      ___hex_lc           
    1259 CONST      ___hex_uc           
    19e6 CODE       ___int16_mul        
    1be6 CODE       ___pre_padding      
    1bc0 CODE       ___print_padding    
    1b74 CODE       ___putc             
    1a36 CODE       ___uint64_div       
    1a7a CODE       ___uint64_divmod    
    19fa CODE       ___uint64_mod       
    1c18 CODE       ___vfprintf         
     200 IDATA0     _dbgCntrlWord       
     4ca UDATA0     _dbgCommWord        
    1b62 CODE       _debug_exit         
    127a CODE       _init               
    133c CODE       _main               
    1ac6 CODE       _memcpy             
    1ad6 CODE       _memset             
     3c2 UDATA0     _rx1Buff            
     4c6 UDATA0     _rx1Count           
     4c4 UDATA0     _rx1InP             
     4c2 UDATA0     _rx1OutP            
    1ae6 CODE       _sprintf            
    1ab6 CODE       _strlen             
    12ee CODE       _task_intro         
    1304 CODE       _task_repeat_5s     
     22c UDATA0     _tx1Buff            
     3c0 UDATA0     _tx1Count           
     3be UDATA0     _tx1InP             
     3bc UDATA0     _tx1OutP            
    14e2 CODE       _usart_uart1_inchar 
    137a CODE       _usart_uart1_msg_ts 
    13d2 CODE       _usart_uart1_open   
    14b6 CODE       _usart_uart1_outchar
    146a CODE       _usart_uart1_putchar
    149c CODE       _usart_uart1_puts   
    1460 CODE       _usart_uart1_tx_free


SYMBOLS BY VALUE

     130            ___crt_mpy          
     138            ___crt_op2          
     13a            ___crt_reslo        
     200 IDATA0     _dbgCntrlWord       
     200 IDATA0     ___begin_IDATA0     
     200            ___RAM_Address      
     202 UDATA0     _OSframeP           
     202 UDATA0     ___begin_UDATA0     
     202 IDATA0     ___end_IDATA0       
     204 UDATA0     _OSlostTicks        
     206 UDATA0     _OStimerTicks       
     20a UDATA0     _OSdelayQP          
     20c UDATA0     _OSsigQoutP         
     20e UDATA0     _OSsigQinP          
     210 UDATA0     _OScTcbP            
     212 UDATA0     _OSeligQP           
     214 UDATA0     _OStcbArea          
     22c UDATA0     _tx1Buff            
     3bc UDATA0     _tx1OutP            
     3be UDATA0     _tx1InP             
     3c0 UDATA0     _tx1Count           
     3c2 UDATA0     _rx1Buff            
     4c2 UDATA0     _rx1OutP            
     4c4 UDATA0     _rx1InP             
     4c6 UDATA0     _rx1Count           
     4ca UDATA0     _dbgCommWord        
     4cc UDATA0     ___format_extender  
     4ce UDATA0     ___end_UDATA0       
     800            ___RAM_Size         
    1100 ISR        _Timer_A            
    111c ISR        _ISRTx0             
    111e ISR        _ISRTx1             
    1134 ISR        _ISRRx0             
    1136 ISR        _ISRRx1             
    1150 ISR        _ISRPort2           
    1154 ISR        _ISRPort1           
    1158 ISR        _ISRTimerA1         
    115c ISR        _ISRWDT             
    1160 ISR        _ISRCMPA            
    1164 ISR        _ISRTimerB1         
    1168 ISR        _ISRTimerB0         
    116c ISR        _ISRNMI             
    1259 CONST      ___hex_uc           
    1269 CONST      ___hex_lc           
    127a CODE       _init               
    12ee CODE       _task_intro         
    1304 CODE       _task_repeat_5s     
    133c CODE       _main               
    137a CODE       _usart_uart1_msg_ts 
    13d2 CODE       _usart_uart1_open   
    1460 CODE       _usart_uart1_tx_free
    146a CODE       _usart_uart1_putchar
    149c CODE       _usart_uart1_puts   
    14b6 CODE       _usart_uart1_outchar
    14e2 CODE       _usart_uart1_inchar 
    1508 CODE       _OSDelay            
    1596 CODE       _OSInit             
    15b8 CODE       _OSCreateTask       
    1630 CODE       _OSInitPrioTask     
    1654 CODE       _OSDelPrioQ         
    1698 CODE       _OSInsPrioQ         
    16e8 CODE       _OSInsDelayQ        
    174a CODE       _OSSched            
    1932 CODE       _OSGetTicks         
    1950 CODE       _OSTimer            
    196c CODE       _OSIdlingHook       
    196e CODE       _OSDisableHook      
    1978 CODE       _OSEnableHook       
    197e CODE       _OSClrWDTHook       
    1990 CODE       _OSDispatch         
    19b4 CODE       _OSCtxSw            
    19e6 CODE       ___int16_mul        
    19fa CODE       ___uint64_mod       
    1a36 CODE       ___uint64_div       
    1a7a CODE       ___uint64_divmod    
    1ab6 CODE       _strlen             
    1ac6 CODE       _memcpy             
    1ad6 CODE       _memset             
    1ae6 CODE       _sprintf            
    1b22 CODE       ___do_debug_operation
    1b62 CODE       _debug_exit         
    1b74 CODE       ___putc             
    1bc0 CODE       ___print_padding    
    1be6 CODE       ___pre_padding      
    1c18 CODE       ___vfprintf         
    23b4 CODE       ___debug_io_lock    
    23b6 CODE       ___debug_io_unlock  
